timeout : ERROR: Invalid syntax. Default option is not allowed more than '1' time(s).
At line:1 char:1
+ timeout 10 python test_tcp_debug.py > test_output.txt 2>&1 ; type tes ...
+ ~~~~~~~~~~~~~~~~~~~~~~~~~~~~~~~~~~~~~~~~~~~~~~~~~~~~~~~~~~
    + CategoryInfo          : NotSpecified: (ERROR: Invalid ...an '1' time(s).:String) [], RemoteExcepti 
   on
    + FullyQualifiedErrorId : NativeCommandError
 
Type "TIMEOUT /?" for usage.
